// Jest Snapshot v1, https://goo.gl/fbAQLP

exports[`pipeline factory should serialize pipeline and sub pipeline as array 1`] = `
Array [
  "filesrc",
  "location=/test.mkv",
  "!",
  "decodebin",
  "name=element_2",
  "!",
  "progressreport",
  "update-freq=1",
  "element_2.",
  "!",
  "audioconvert",
  "!",
  "faac",
  "birate=64",
  "!",
  "tee",
  "name=audio0",
  "element_2.",
  "!",
  "audio/x-raw",
  "!",
  "audioconvert",
  "!",
  "faac",
  "birate=64",
  "!",
  "tee",
  "name=audio1",
  "mp4mux",
  "name=video320",
  "!",
  "filesink",
  "location=video320.mp4",
  "audio0.",
  "!",
  "queue",
  "!",
  "video320.",
  "audio1.paddou",
  "!",
  "queue",
  "!",
  "video320.",
]
`;
